This is pdfTeX, Version 3.141592653-2.6-1.40.26 (TeX Live 2024) (preloaded format=pdflatex 2024.4.17)  10 OCT 2025 22:32
entering extended mode
 restricted \write18 enabled.
 file:line:error style messages enabled.
 %&-line parsing enabled.
**RGuessN55n_count9.tex
(./RGuessN55n_count9.tex
LaTeX2e <2023-11-01> patch level 1
L3 programming layer <2024-02-20>

./RGuessN55n_count9.tex:2: LaTeX Error: Environment tikzpicture undefined.

See the LaTeX manual or LaTeX Companion for explanation.
Type  H <return>  for immediate help.
 ...                                              
                                                  
l.2 \begin{tikzpicture}
                       
? 
./RGuessN55n_count9.tex:4: Undefined control sequence.
l.4 \definecolor
                {darkgray176}{RGB}{176,176,176}
? 

./RGuessN55n_count9.tex:4: LaTeX Error: Missing \begin{document}.

See the LaTeX manual or LaTeX Companion for explanation.
Type  H <return>  for immediate help.
 ...                                              
                                                  
l.4 \definecolor{d
                  arkgray176}{RGB}{176,176,176}
? 
Missing character: There is no d in font nullfont!
Missing character: There is no a in font nullfont!
Missing character: There is no r in font nullfont!
Missing character: There is no k in font nullfont!
Missing character: There is no g in font nullfont!
Missing character: There is no r in font nullfont!
Missing character: There is no a in font nullfont!
Missing character: There is no y in font nullfont!
Missing character: There is no 1 in font nullfont!
Missing character: There is no 7 in font nullfont!
Missing character: There is no 6 in font nullfont!
Missing character: There is no R in font nullfont!
Missing character: There is no G in font nullfont!
Missing character: There is no B in font nullfont!
Missing character: There is no 1 in font nullfont!
Missing character: There is no 7 in font nullfont!
Missing character: There is no 6 in font nullfont!
Missing character: There is no , in font nullfont!
Missing character: There is no 1 in font nullfont!
Missing character: There is no 7 in font nullfont!
Missing character: There is no 6 in font nullfont!
Missing character: There is no , in font nullfont!
Missing character: There is no 1 in font nullfont!
Missing character: There is no 7 in font nullfont!
Missing character: There is no 6 in font nullfont!
./RGuessN55n_count9.tex:5: Undefined control sequence.
l.5 \definecolor
                {steelblue31119180}{RGB}{31,119,180}
? 
./RGuessN55n_count9.tex:5: Emergency stop.
l.5 
    
End of file on the terminal!

 
Here is how much of TeX's memory you used:
 16 strings out of 474116
 423 string characters out of 5743682
 1925187 words of memory out of 5000000
 22476 multiletter control sequences out of 15000+600000
 558069 words of font info for 36 fonts, out of 8000000 for 9000
 1141 hyphenation exceptions out of 8191
 15i,0n,18p,102b,20s stack positions out of 10000i,1000n,20000p,200000b,200000s
./RGuessN55n_count9.tex:5:  ==> Fatal error occurred, no output PDF file produc
ed!
